> Task :app:preBuild UP-TO-DATE
> Task :app:preDebugBuild UP-TO-DATE
> Task :app:javaPreCompileDebug UP-TO-DATE
> Task :app:checkDebugAarMetadata UP-TO-DATE
> Task :app:generateDebugResValues UP-TO-DATE
> Task :app:mapDebugSourceSetPaths UP-TO-DATE
> Task :app:generateDebugResources UP-TO-DATE
> Task :app:mergeDebugResources UP-TO-DATE
> Task :app:packageDebugResources UP-TO-DATE
> Task :app:parseDebugLocalResources UP-TO-DATE
> Task :app:createDebugCompatibleScreenManifests UP-TO-DATE
> Task :app:extractDeepLinksDebug UP-TO-DATE
> Task :app:processDebugMainManifest UP-TO-DATE
> Task :app:processDebugManifest UP-TO-DATE
> Task :app:processDebugManifestForPackage UP-TO-DATE
> Task :app:processDebugResources UP-TO-DATE

> Task :app:compileDebugJavaWithJavac FAILED
.\gradlew.bat : C:\Users\anezi\distributed-food-ordering-system\app\src\main\java\com\example\restaurantapp\WelcomeActivity.java:62: error: local variables referenced from a lambd
a expression must be final or effectively final
At line:1 char:65
+ ... ng-system"; .\gradlew.bat app:compileDebugJavaWithJavac --console=pla ...
+                 ~~~~~~~~~~~~~~~~~~~~~~~~~~~~~~~~~~~~~~~~~~~~~~~~~~~~~~~~~
    + CategoryInfo          : NotSpecified: (C:\Users\anezi\...fectively final:String) [], RemoteException
    + FullyQualifiedErrorId : NativeCommandError
 
                if (connected) {
                    ^
C:\Users\anezi\distributed-food-ordering-system\app\src\main\java\com\example\restaurantapp\WelcomeActivity.java:63: error: local variables referenced from a lambda expression mus
t be final or effectively final
                    updateConnectionUi(true, "Connected to " + successfulIp + ". Choose how you want to continue.", false, false);
                                                               ^
2 errors
[Incubating] Problems report is available at: file:///C:/Users/anezi/distributed-food-ordering-system/build/reports/problems/problems-report.html

FAILURE: Build failed with an exception.

* What went wrong:
Execution failed for task ':app:compileDebugJavaWithJavac'.
> Compilation failed; see the compiler output below.
  C:\Users\anezi\distributed-food-ordering-system\app\src\main\java\com\example\restaurantapp\WelcomeActivity.java:62: error: local variables referenced from a lambda expression m
ust be final or effectively final
                  if (connected) {
                      ^
  C:\Users\anezi\distributed-food-ordering-system\app\src\main\java\com\example\restaurantapp\WelcomeActivity.java:63: error: local variables referenced from a lambda expression m
ust be final or effectively final
                      updateConnectionUi(true, "Connected to " + successfulIp + ". Choose how you want to continue.", false, false);
                                                                 ^
  2 errors

* Try:
> Check your code and dependencies to fix the compilation error(s)
> Run with --scan to get full insights.

BUILD FAILED in 2s
15 actionable tasks: 1 executed, 14 up-to-date
